[DATA_POINT]
1="tcp_connect"
2="tcp_connection_count"
3="mic_recv"
4="HTTP_200"
5="tcp_shutdown"
6="ssl_session_new"
7="HTTP_304"
[END_TRANSACTION]
10="http://uitestingplayground.com/static/prism.css"
11="http://uitestingplayground.com/static/cube.png"
12="uitestingplayground.c_vuser_init_15"
13="https://clientservices.googleapis.com/chrome-variations/seed?osname=win&channel=stable&milestone=121"
14="seed_vuser_init_30"
15="http://uitestingplayground.com/static/fork.png"
16="fork.png_vuser_init_39"
17="vuser_init_Transaction"
18="https://update.googleapis.com/service/update2/json?cup2key=13:Mhv0siZ3Sm_jw4unLcls_2kVTlvmJmq5VvT-6fCCxP0&cup2hreq=465ad16ec395342b64bcef2fc61e2129376b05fb7067dd7366eb0660828dbc77"
19="json_Action_8"
1="http://uitestingplayground.com/"
2="https://code.jquery.com/jquery-3.2.1.min.js"
3="https://maxcdn.bootstrapcdn.com/bootstrap/4.0.0/css/bootstrap.min.css"
4="https://maxcdn.bootstrapcdn.com/bootstrap/4.0.0/js/bootstrap.min.js"
5="https://buttons.github.io/buttons.js"
6="https://cdnjs.cloudflare.com/ajax/libs/font-awesome/4.7.0/css/font-awesome.min.css"
20="http://uitestingplayground.com/dynamicid"
7="https://cdnjs.cloudflare.com/ajax/libs/popper.js/1.12.9/umd/popper.min.js"
21="dynamicid_Action_40"
8="http://uitestingplayground.com/static/style.css"
22="Action_Transaction"
9="http://uitestingplayground.com/static/prism.js"
23="vuser_end_Transaction"
