[DATA_POINT]
1="tcp_connect"
2="tcp_connection_count"
3="ssl_session_new"
4="mic_recv"
5="HTTP_200"
6="HTTP_304"
7="tcp_shutdown"
8="HTTP_401"
[END_TRANSACTION]
10="http://thinking-tester-contact-list.herokuapp.com/contactList"
11="http://thinking-tester-contact-list.herokuapp.com/js/contactList.js"
12="contactList_vuser_init_50"
13="http://thinking-tester-contact-list.herokuapp.com/addContact"
14="http://thinking-tester-contact-list.herokuapp.com/js/addContact.js"
15="addContact_vuser_init_65"
16="http://update.googleapis.com/service/update2/json?cup2key=13:IwessFwL6Ssub6oZT3GqWmfyAljXiTjAbmzjrhy-02g&cup2hreq=166ed9363bf8882ebfd783a28a1a87ea4e10d8cf4a74254973a1665713574431"
17="json_vuser_init_75"
18="http://thinking-tester-contact-list.herokuapp.com/contacts"
19="contacts_2_vuser_init_113"
1="https://clientservices.googleapis.com/chrome-variations/seed?osname=win&channel=stable&milestone=121"
2="seed_vuser_init_14"
3="http://thinking-tester-contact-list.herokuapp.com/"
4="http://thinking-tester-contact-list.herokuapp.com/css/styles.css"
5="http://thinking-tester-contact-list.herokuapp.com/js/login.js"
6="http://thinking-tester-contact-list.herokuapp.com/img/thinkingTesterLogo.png"
20="vuser_init_Transaction"
7="thinking-tester-conta_vuser_init_23"
8="http://thinking-tester-contact-list.herokuapp.com/users/login"
9="login_vuser_init_37"
